#-----------------------------------------------------------
# Vivado v2016.4 (64-bit)
# SW Build 1733598 on Wed Dec 14 22:35:39 MST 2016
# IP Build 1731160 on Wed Dec 14 23:47:21 MST 2016
# Start of session at: Sat Jan 20 03:44:27 2018
# Process ID: 17540
# Current directory: E:/Workspace/Vivado_16.4/2018_1_20_AM
# Command line: vivado.exe -gui_launcher_event rodinguilauncherevent16840 E:\Workspace\Vivado_16.4\2018_1_20_AM\AM.xpr
# Log file: E:/Workspace/Vivado_16.4/2018_1_20_AM/vivado.log
# Journal file: E:/Workspace/Vivado_16.4/2018_1_20_AM\vivado.jou
#-----------------------------------------------------------
start_gui
open_project E:/Workspace/Vivado_16.4/2018_1_20_AM/AM.xpr
reset_run synth_1
launch_runs synth_1 -jobs 4
wait_on_run synth_1
launch_simulation
source tb_AM.tcl
run 10 us
restart
relaunch_sim
run 10 us
run 10 us
run 10 us
run 100 us
relaunch_sim
run 100 us
restart
close_sim
launch_simulation
source tb_AM.tcl
run 100 us
run 100 us
reset_run synth_1
launch_runs synth_1 -jobs 4
wait_on_run synth_1
close_sim
launch_simulation
source tb_AM.tcl
close_sim
launch_simulation
source tb_AM.tcl
run 100 us
relaunch_sim
run 100 us
add_wave {{/tb_AM/cos_make_inst/cos_100k}} {{/tb_AM/cos_make_inst/cos_100k_r}} 
restart
run 100 us
close_sim
launch_simulation
reset_run synth_1
launch_runs synth_1 -jobs 4
wait_on_run synth_1
launch_simulation
source tb_AM.tcl
run 100 us
relaunch_sim
run 100 us
close_sim
launch_simulation
source tb_AM.tcl
run 100 us
relaunch_sim
run 100 us
relaunch_sim
run 100 us
close_sim
launch_simulation
source tb_AM.tcl
relaunch_sim
relaunch_sim
run 100 us
relaunch_sim
run 100 us
close_sim
launch_simulation
source tb_AM.tcl
relaunch_sim
relaunch_sim
run 100 us
relaunch_sim
run 100 us
close_sim
create_ip -name mult_gen -vendor xilinx.com -library ip -version 12.0 -module_name MULT -dir E:/Workspace/Vivado_16.4/2018_1_20_AM/Design/IP_Core/MULT
set_property -dict [list CONFIG.PortAType {Unsigned} CONFIG.PortAWidth {8} CONFIG.PortBWidth {8} CONFIG.OutputWidthHigh {15}] [get_ips MULT]
generate_target {instantiation_template} [get_files e:/Workspace/Vivado_16.4/2018_1_20_AM/Design/IP_Core/MULT/MULT/MULT.xci]
generate_target all [get_files  e:/Workspace/Vivado_16.4/2018_1_20_AM/Design/IP_Core/MULT/MULT/MULT.xci]
catch { config_ip_cache -export [get_ips -all MULT] }
export_ip_user_files -of_objects [get_files e:/Workspace/Vivado_16.4/2018_1_20_AM/Design/IP_Core/MULT/MULT/MULT.xci] -no_script -sync -force -quiet
create_ip_run [get_files -of_objects [get_fileset sources_1] e:/Workspace/Vivado_16.4/2018_1_20_AM/Design/IP_Core/MULT/MULT/MULT.xci]
launch_runs -jobs 4 MULT_synth_1
export_simulation -of_objects [get_files e:/Workspace/Vivado_16.4/2018_1_20_AM/Design/IP_Core/MULT/MULT/MULT.xci] -directory E:/Workspace/Vivado_16.4/2018_1_20_AM/AM.ip_user_files/sim_scripts -ip_user_files_dir E:/Workspace/Vivado_16.4/2018_1_20_AM/AM.ip_user_files -ipstatic_source_dir E:/Workspace/Vivado_16.4/2018_1_20_AM/AM.ip_user_files/ipstatic -lib_map_path [list {modelsim=E:/Workspace/Vivado_16.4/2018_1_20_AM/AM.cache/compile_simlib/modelsim} {questa=E:/Workspace/Vivado_16.4/2018_1_20_AM/AM.cache/compile_simlib/questa} {riviera=E:/Workspace/Vivado_16.4/2018_1_20_AM/AM.cache/compile_simlib/riviera} {activehdl=E:/Workspace/Vivado_16.4/2018_1_20_AM/AM.cache/compile_simlib/activehdl}] -use_ip_compiled_libs -force -quiet
add_files -norecurse {E:/Workspace/Vivado_16.4/2018_1_20_AM/Design/Code/TOP.v E:/Workspace/Vivado_16.4/2018_1_20_AM/Design/Code/modulate.v}
reset_run synth_1
launch_runs synth_1 -jobs 4
wait_on_run synth_1
launch_simulation
source tb_AM.tcl
run 100 us
relaunch_sim
run 100 us
update_compile_order -fileset sim_1
update_compile_order -fileset sim_1
reset_run synth_1
launch_runs synth_1 -jobs 4
wait_on_run synth_1
close_sim
launch_simulation
launch_simulation
launch_simulation
